Archive member included to satisfy reference by file (symbol)

c:/st/stm32cubeide_1.9.0/stm32cubeide/plugins/com.st.stm32cube.ide.mcu.externaltools.gnu-tools-for-stm32.10.3-2021.10.win32_1.0.0.202111181127/tools/bin/../lib/gcc/arm-none-eabi/10.3.1/../../../../arm-none-eabi/lib/thumb/v7-m/nofp\libc_nano.a(lib_a-atoi.o)
                              ./Core/thirdparty/console.o (atoi)
c:/st/stm32cubeide_1.9.0/stm32cubeide/plugins/com.st.stm32cube.ide.mcu.externaltools.gnu-tools-for-stm32.10.3-2021.10.win32_1.0.0.202111181127/tools/bin/../lib/gcc/arm-none-eabi/10.3.1/../../../../arm-none-eabi/lib/thumb/v7-m/nofp\libc_nano.a(lib_a-errno.o)
                              ./Core/Src/syscalls.o (__errno)
c:/st/stm32cubeide_1.9.0/stm32cubeide/plugins/com.st.stm32cube.ide.mcu.externaltools.gnu-tools-for-stm32.10.3-2021.10.win32_1.0.0.202111181127/tools/bin/../lib/gcc/arm-none-eabi/10.3.1/../../../../arm-none-eabi/lib/thumb/v7-m/nofp\libc_nano.a(lib_a-exit.o)
                              c:/st/stm32cubeide_1.9.0/stm32cubeide/plugins/com.st.stm32cube.ide.mcu.externaltools.gnu-tools-for-stm32.10.3-2021.10.win32_1.0.0.202111181127/tools/bin/../lib/gcc/arm-none-eabi/10.3.1/../../../../arm-none-eabi/lib/thumb/v7-m/nofp/crt0.o (exit)
c:/st/stm32cubeide_1.9.0/stm32cubeide/plugins/com.st.stm32cube.ide.mcu.externaltools.gnu-tools-for-stm32.10.3-2021.10.win32_1.0.0.202111181127/tools/bin/../lib/gcc/arm-none-eabi/10.3.1/../../../../arm-none-eabi/lib/thumb/v7-m/nofp\libc_nano.a(lib_a-impure.o)
                              c:/st/stm32cubeide_1.9.0/stm32cubeide/plugins/com.st.stm32cube.ide.mcu.externaltools.gnu-tools-for-stm32.10.3-2021.10.win32_1.0.0.202111181127/tools/bin/../lib/gcc/arm-none-eabi/10.3.1/../../../../arm-none-eabi/lib/thumb/v7-m/nofp\libc_nano.a(lib_a-exit.o) (_global_impure_ptr)
c:/st/stm32cubeide_1.9.0/stm32cubeide/plugins/com.st.stm32cube.ide.mcu.externaltools.gnu-tools-for-stm32.10.3-2021.10.win32_1.0.0.202111181127/tools/bin/../lib/gcc/arm-none-eabi/10.3.1/../../../../arm-none-eabi/lib/thumb/v7-m/nofp\libc_nano.a(lib_a-init.o)
                              c:/st/stm32cubeide_1.9.0/stm32cubeide/plugins/com.st.stm32cube.ide.mcu.externaltools.gnu-tools-for-stm32.10.3-2021.10.win32_1.0.0.202111181127/tools/bin/../lib/gcc/arm-none-eabi/10.3.1/../../../../arm-none-eabi/lib/thumb/v7-m/nofp/crt0.o (__libc_init_array)
c:/st/stm32cubeide_1.9.0/stm32cubeide/plugins/com.st.stm32cube.ide.mcu.externaltools.gnu-tools-for-stm32.10.3-2021.10.win32_1.0.0.202111181127/tools/bin/../lib/gcc/arm-none-eabi/10.3.1/../../../../arm-none-eabi/lib/thumb/v7-m/nofp\libc_nano.a(lib_a-memset.o)
                              c:/st/stm32cubeide_1.9.0/stm32cubeide/plugins/com.st.stm32cube.ide.mcu.externaltools.gnu-tools-for-stm32.10.3-2021.10.win32_1.0.0.202111181127/tools/bin/../lib/gcc/arm-none-eabi/10.3.1/../../../../arm-none-eabi/lib/thumb/v7-m/nofp/crt0.o (memset)
c:/st/stm32cubeide_1.9.0/stm32cubeide/plugins/com.st.stm32cube.ide.mcu.externaltools.gnu-tools-for-stm32.10.3-2021.10.win32_1.0.0.202111181127/tools/bin/../lib/gcc/arm-none-eabi/10.3.1/../../../../arm-none-eabi/lib/thumb/v7-m/nofp\libc_nano.a(lib_a-strcmp.o)
                              ./Core/thirdparty/consoleCommands.o (strcmp)
c:/st/stm32cubeide_1.9.0/stm32cubeide/plugins/com.st.stm32cube.ide.mcu.externaltools.gnu-tools-for-stm32.10.3-2021.10.win32_1.0.0.202111181127/tools/bin/../lib/gcc/arm-none-eabi/10.3.1/../../../../arm-none-eabi/lib/thumb/v7-m/nofp\libc_nano.a(lib_a-strtol.o)
                              c:/st/stm32cubeide_1.9.0/stm32cubeide/plugins/com.st.stm32cube.ide.mcu.externaltools.gnu-tools-for-stm32.10.3-2021.10.win32_1.0.0.202111181127/tools/bin/../lib/gcc/arm-none-eabi/10.3.1/../../../../arm-none-eabi/lib/thumb/v7-m/nofp\libc_nano.a(lib_a-atoi.o) (_strtol_r)
c:/st/stm32cubeide_1.9.0/stm32cubeide/plugins/com.st.stm32cube.ide.mcu.externaltools.gnu-tools-for-stm32.10.3-2021.10.win32_1.0.0.202111181127/tools/bin/../lib/gcc/arm-none-eabi/10.3.1/../../../../arm-none-eabi/lib/thumb/v7-m/nofp\libc_nano.a(lib_a-ctype_.o)
                              c:/st/stm32cubeide_1.9.0/stm32cubeide/plugins/com.st.stm32cube.ide.mcu.externaltools.gnu-tools-for-stm32.10.3-2021.10.win32_1.0.0.202111181127/tools/bin/../lib/gcc/arm-none-eabi/10.3.1/../../../../arm-none-eabi/lib/thumb/v7-m/nofp\libc_nano.a(lib_a-strtol.o) (_ctype_)

Discarded input sections

 .text          0x0000000000000000        0x0 c:/st/stm32cubeide_1.9.0/stm32cubeide/plugins/com.st.stm32cube.ide.mcu.externaltools.gnu-tools-for-stm32.10.3-2021.10.win32_1.0.0.202111181127/tools/bin/../lib/gcc/arm-none-eabi/10.3.1/thumb/v7-m/nofp/crti.o
 .data          0x0000000000000000        0x0 c:/st/stm32cubeide_1.9.0/stm32cubeide/plugins/com.st.stm32cube.ide.mcu.externaltools.gnu-tools-for-stm32.10.3-2021.10.win32_1.0.0.202111181127/tools/bin/../lib/gcc/arm-none-eabi/10.3.1/thumb/v7-m/nofp/crti.o
[...]
Memory Configuration

Name             Origin             Length             Attributes
RAM              0x0000000020000000 0x0000000000005000 xrw
FLASH            0x0000000008000000 0x0000000000010000 xr
*default*        0x0000000000000000 0xffffffffffffffff

Linker script and memory map

LOAD c:/st/stm32cubeide_1.9.0/stm32cubeide/plugins/com.st.stm32cube.ide.mcu.externaltools.gnu-tools-for-stm32.10.3-2021.10.win32_1.0.0.202111181127/tools/bin/../lib/gcc/arm-none-eabi/10.3.1/thumb/v7-m/nofp/crti.o
LOAD c:/st/stm32cubeide_1.9.0/stm32cubeide/plugins/com.st.stm32cube.ide.mcu.externaltools.gnu-tools-for-stm32.10.3-2021.10.win32_1.0.0.202111181127/tools/bin/../lib/gcc/arm-none-eabi/10.3.1/thumb/v7-m/nofp/crtbegin.o
LOAD c:/st/stm32cubeide_1.9.0/stm32cubeide/plugins/com.st.stm32cube.ide.mcu.externaltools.gnu-tools-for-stm32.10.3-2021.10.win32_1.0.0.202111181127/tools/bin/../lib/gcc/arm-none-eabi/10.3.1/../../../../arm-none-eabi/lib/thumb/v7-m/nofp/crt0.o
LOAD ./Core/Src/blinkie.o
LOAD ./Core/Src/button.o
LOAD ./Core/Src/led.o
LOAD ./Core/Src/main.o
LOAD ./Core/Src/stm32f1xx_hal_msp.o
LOAD ./Core/Src/stm32f1xx_it.o
LOAD ./Core/Src/syscalls.o
LOAD ./Core/Src/sysmem.o
LOAD ./Core/Src/system_stm32f1xx.o
LOAD ./Core/Src/timer.o
LOAD ./Core/Src/uart.o
LOAD ./Core/Startup/startup_stm32f103c8tx.o
LOAD ./Core/thirdparty/console.o
LOAD ./Core/thirdparty/consoleCommands.o
LOAD ./Core/thirdparty/consoleIo.o
LOAD ./Drivers/STM32F1xx_HAL_Driver/Src/stm32f1xx_hal.o
LOAD ./Drivers/STM32F1xx_HAL_Driver/Src/stm32f1xx_hal_cortex.o
LOAD ./Drivers/STM32F1xx_HAL_Driver/Src/stm32f1xx_hal_dma.o
LOAD ./Drivers/STM32F1xx_HAL_Driver/Src/stm32f1xx_hal_exti.o
LOAD ./Drivers/STM32F1xx_HAL_Driver/Src/stm32f1xx_hal_flash.o
LOAD ./Drivers/STM32F1xx_HAL_Driver/Src/stm32f1xx_hal_flash_ex.o
LOAD ./Drivers/STM32F1xx_HAL_Driver/Src/stm32f1xx_hal_gpio.o
LOAD ./Drivers/STM32F1xx_HAL_Driver/Src/stm32f1xx_hal_gpio_ex.o
LOAD ./Drivers/STM32F1xx_HAL_Driver/Src/stm32f1xx_hal_pwr.o
LOAD ./Drivers/STM32F1xx_HAL_Driver/Src/stm32f1xx_hal_rcc.o
LOAD ./Drivers/STM32F1xx_HAL_Driver/Src/stm32f1xx_hal_rcc_ex.o
LOAD ./Drivers/STM32F1xx_HAL_Driver/Src/stm32f1xx_hal_tim.o
LOAD ./Drivers/STM32F1xx_HAL_Driver/Src/stm32f1xx_hal_tim_ex.o
LOAD ./Drivers/STM32F1xx_HAL_Driver/Src/stm32f1xx_hal_uart.o
START GROUP
LOAD c:/st/stm32cubeide_1.9.0/stm32cubeide/plugins/com.st.stm32cube.ide.mcu.externaltools.gnu-tools-for-stm32.10.3-2021.10.win32_1.0.0.202111181127/tools/bin/../lib/gcc/arm-none-eabi/10.3.1/../../../../arm-none-eabi/lib/thumb/v7-m/nofp\libc_nano.a
LOAD c:/st/stm32cubeide_1.9.0/stm32cubeide/plugins/com.st.stm32cube.ide.mcu.externaltools.gnu-tools-for-stm32.10.3-2021.10.win32_1.0.0.202111181127/tools/bin/../lib/gcc/arm-none-eabi/10.3.1/../../../../arm-none-eabi/lib/thumb/v7-m/nofp\libm.a
END GROUP
START GROUP
LOAD c:/st/stm32cubeide_1.9.0/stm32cubeide/plugins/com.st.stm32cube.ide.mcu.externaltools.gnu-tools-for-stm32.10.3-2021.10.win32_1.0.0.202111181127/tools/bin/../lib/gcc/arm-none-eabi/10.3.1/thumb/v7-m/nofp\libgcc.a
LOAD c:/st/stm32cubeide_1.9.0/stm32cubeide/plugins/com.st.stm32cube.ide.mcu.externaltools.gnu-tools-for-stm32.10.3-2021.10.win32_1.0.0.202111181127/tools/bin/../lib/gcc/arm-none-eabi/10.3.1/../../../../arm-none-eabi/lib/thumb/v7-m/nofp\libc_nano.a
END GROUP
START GROUP
LOAD c:/st/stm32cubeide_1.9.0/stm32cubeide/plugins/com.st.stm32cube.ide.mcu.externaltools.gnu-tools-for-stm32.10.3-2021.10.win32_1.0.0.202111181127/tools/bin/../lib/gcc/arm-none-eabi/10.3.1/thumb/v7-m/nofp\libgcc.a
LOAD c:/st/stm32cubeide_1.9.0/stm32cubeide/plugins/com.st.stm32cube.ide.mcu.externaltools.gnu-tools-for-stm32.10.3-2021.10.win32_1.0.0.202111181127/tools/bin/../lib/gcc/arm-none-eabi/10.3.1/../../../../arm-none-eabi/lib/thumb/v7-m/nofp\libc_nano.a
LOAD c:/st/stm32cubeide_1.9.0/stm32cubeide/plugins/com.st.stm32cube.ide.mcu.externaltools.gnu-tools-for-stm32.10.3-2021.10.win32_1.0.0.202111181127/tools/bin/../lib/gcc/arm-none-eabi/10.3.1/../../../../arm-none-eabi/lib/thumb/v7-m/nofp\libnosys.a
END GROUP
START GROUP
LOAD c:/st/stm32cubeide_1.9.0/stm32cubeide/plugins/com.st.stm32cube.ide.mcu.externaltools.gnu-tools-for-stm32.10.3-2021.10.win32_1.0.0.202111181127/tools/bin/../lib/gcc/arm-none-eabi/10.3.1/thumb/v7-m/nofp\libgcc.a
LOAD c:/st/stm32cubeide_1.9.0/stm32cubeide/plugins/com.st.stm32cube.ide.mcu.externaltools.gnu-tools-for-stm32.10.3-2021.10.win32_1.0.0.202111181127/tools/bin/../lib/gcc/arm-none-eabi/10.3.1/../../../../arm-none-eabi/lib/thumb/v7-m/nofp\libc_nano.a
LOAD c:/st/stm32cubeide_1.9.0/stm32cubeide/plugins/com.st.stm32cube.ide.mcu.externaltools.gnu-tools-for-stm32.10.3-2021.10.win32_1.0.0.202111181127/tools/bin/../lib/gcc/arm-none-eabi/10.3.1/../../../../arm-none-eabi/lib/thumb/v7-m/nofp\libnosys.a
END GROUP
LOAD c:/st/stm32cubeide_1.9.0/stm32cubeide/plugins/com.st.stm32cube.ide.mcu.externaltools.gnu-tools-for-stm32.10.3-2021.10.win32_1.0.0.202111181127/tools/bin/../lib/gcc/arm-none-eabi/10.3.1/thumb/v7-m/nofp/crtend.o
LOAD c:/st/stm32cubeide_1.9.0/stm32cubeide/plugins/com.st.stm32cube.ide.mcu.externaltools.gnu-tools-for-stm32.10.3-2021.10.win32_1.0.0.202111181127/tools/bin/../lib/gcc/arm-none-eabi/10.3.1/thumb/v7-m/nofp/crtn.o
                0x0000000020005000                _estack = (ORIGIN (RAM) + LENGTH (RAM))
                0x0000000000000200                _Min_Heap_Size = 0x200
                0x0000000000000400                _Min_Stack_Size = 0x400

.isr_vector     0x0000000008000000      0x10c
                0x0000000008000000                . = ALIGN (0x4)
 *(.isr_vector)
 .isr_vector    0x0000000008000000      0x10c ./Core/Startup/startup_stm32f103c8tx.o
                0x0000000008000000                g_pfnVectors
                0x000000000800010c                . = ALIGN (0x4)

.text           0x000000000800010c     0x3598
                0x000000000800010c                . = ALIGN (0x4)
 *(.text)
 .text          0x000000000800010c       0x40 c:/st/stm32cubeide_1.9.0/stm32cubeide/plugins/com.st.stm32cube.ide.mcu.externaltools.gnu-tools-for-stm32.10.3-2021.10.win32_1.0.0.202111181127/tools/bin/../lib/gcc/arm-none-eabi/10.3.1/thumb/v7-m/nofp/crtbegin.o
 .text          0x000000000800014c       0x14 c:/st/stm32cubeide_1.9.0/stm32cubeide/plugins/com.st.stm32cube.ide.mcu.externaltools.gnu-tools-for-stm32.10.3-2021.10.win32_1.0.0.202111181127/tools/bin/../lib/gcc/arm-none-eabi/10.3.1/../../../../arm-none-eabi/lib/thumb/v7-m/nofp\libc_nano.a(lib_a-strcmp.o)
                0x000000000800014c                strcmp
 *(.text*)
 .text.HAL_TIM_PeriodElapsedCallback
                0x0000000008000160       0x28 ./Core/Src/blinkie.o
                0x0000000008000160                HAL_TIM_PeriodElapsedCallback
 .text.HAL_GPIO_EXTI_Callback
                0x0000000008000188       0x2c ./Core/Src/blinkie.o
                0x0000000008000188                HAL_GPIO_EXTI_Callback
 .text.EXTI0_IRQHandler
                0x00000000080001b4        0xe ./Core/Src/button.o
                0x00000000080001b4                EXTI0_IRQHandler
 *fill*         0x00000000080001c2        0x2 
 .text.LEDinit  0x00000000080001c4       0x50 ./Core/Src/led.o
                0x00000000080001c4                LEDinit
 .text.main     0x0000000008000214       0x48 ./Core/Src/main.o
                0x0000000008000214                main
 .text.SystemClock_Config
                0x000000000800025c       0x8a ./Core/Src/main.o
                0x000000000800025c                SystemClock_Config
 *fill*         0x00000000080002e6        0x2 
 .text.MX_TIM1_Init
                0x00000000080002e8       0xa4 ./Core/Src/main.o
 .text.MX_USART1_UART_Init
                0x000000000800038c       0x54 ./Core/Src/main.o
 .text.MX_GPIO_Init
                0x00000000080003e0      0x124 ./Core/Src/main.o
 .text.Error_Handler
                0x0000000008000504        0xa ./Core/Src/main.o
                0x0000000008000504                Error_Handler
 *fill*         0x000000000800050e        0x2 
 .text.HAL_MspInit
                0x0000000008000510       0x64 ./Core/Src/stm32f1xx_hal_msp.o
                0x0000000008000510                HAL_MspInit
 .text.HAL_TIM_Base_MspInit
                0x0000000008000574       0x3c ./Core/Src/stm32f1xx_hal_msp.o
                0x0000000008000574                HAL_TIM_Base_MspInit
 .text.HAL_UART_MspInit
                0x00000000080005b0       0x98 ./Core/Src/stm32f1xx_hal_msp.o
                0x00000000080005b0                HAL_UART_MspInit
 .text.NMI_Handler
                0x0000000008000648        0x6 ./Core/Src/stm32f1xx_it.o
                0x0000000008000648                NMI_Handler
 .text.HardFault_Handler
                0x000000000800064e        0x6 ./Core/Src/stm32f1xx_it.o
                0x000000000800064e                HardFault_Handler
 .text.MemManage_Handler
                0x0000000008000654        0x6 ./Core/Src/stm32f1xx_it.o
                0x0000000008000654                MemManage_Handler
 .text.BusFault_Handler
                0x000000000800065a        0x6 ./Core/Src/stm32f1xx_it.o
                0x000000000800065a                BusFault_Handler
 .text.UsageFault_Handler
                0x0000000008000660        0x6 ./Core/Src/stm32f1xx_it.o
                0x0000000008000660                UsageFault_Handler
 .text.SVC_Handler
                0x0000000008000666        0xc ./Core/Src/stm32f1xx_it.o
                0x0000000008000666                SVC_Handler
 .text.DebugMon_Handler
                0x0000000008000672        0xc ./Core/Src/stm32f1xx_it.o
                0x0000000008000672                DebugMon_Handler
 .text.PendSV_Handler
                0x000000000800067e        0xc ./Core/Src/stm32f1xx_it.o
                0x000000000800067e                PendSV_Handler
 .text.SysTick_Handler
                0x000000000800068a        0xc ./Core/Src/stm32f1xx_it.o
                0x000000000800068a                SysTick_Handler
 .text.SystemInit
                0x0000000008000696        0xc ./Core/Src/system_stm32f1xx.o
                0x0000000008000696                SystemInit
 *fill*         0x00000000080006a2        0x2 
 .text.TIM1_UP_IRQHandler
                0x00000000080006a4       0x14 ./Core/Src/timer.o
                0x00000000080006a4                TIM1_UP_IRQHandler
 .text.TMRisBlinkHandle
                0x00000000080006b8       0x24 ./Core/Src/timer.o
                0x00000000080006b8                TMRisBlinkHandle
 .text.USART1_IRQHandler
                0x00000000080006dc       0x14 ./Core/Src/uart.o
                0x00000000080006dc                USART1_IRQHandler
 .text.HAL_UART_RxCpltCallback
                0x00000000080006f0       0x3c ./Core/Src/uart.o
                0x00000000080006f0                HAL_UART_RxCpltCallback
 .text.UARTsendByte
                0x000000000800072c       0x20 ./Core/Src/uart.o
                0x000000000800072c                UARTsendByte
 .text.UARTisReady
                0x000000000800074c       0x18 ./Core/Src/uart.o
                0x000000000800074c                UARTisReady
 .text.UARTgetByte
                0x0000000008000764       0x20 ./Core/Src/uart.o
                0x0000000008000764                UARTgetByte
 .text.UARTreceiveByte
                0x0000000008000784       0x1c ./Core/Src/uart.o
                0x0000000008000784                UARTreceiveByte
 .text.UARTinit
                0x00000000080007a0       0xb0 ./Core/Src/uart.o
                0x00000000080007a0                UARTinit
 .text.Reset_Handler
                0x0000000008000850       0x48 ./Core/Startup/startup_stm32f103c8tx.o
                0x0000000008000850                Reset_Handler
 .text.Default_Handler
                0x0000000008000898        0x2 ./Core/Startup/startup_stm32f103c8tx.o
                0x0000000008000898                RTC_Alarm_IRQHandler
                0x0000000008000898                EXTI2_IRQHandler
                0x0000000008000898                TIM1_CC_IRQHandler
                0x0000000008000898                PVD_IRQHandler
                0x0000000008000898                EXTI3_IRQHandler
                0x0000000008000898                I2C2_EV_IRQHandler
                0x0000000008000898                ADC1_2_IRQHandler
                0x0000000008000898                SPI1_IRQHandler
                0x0000000008000898                TAMPER_IRQHandler
                0x0000000008000898                DMA1_Channel4_IRQHandler
                0x0000000008000898                USART3_IRQHandler
                0x0000000008000898                RTC_IRQHandler
                0x0000000008000898                DMA1_Channel7_IRQHandler
                0x0000000008000898                CAN1_RX1_IRQHandler
                0x0000000008000898                TIM4_IRQHandler
                0x0000000008000898                I2C1_EV_IRQHandler
                0x0000000008000898                DMA1_Channel6_IRQHandler
                0x0000000008000898                TIM3_IRQHandler
                0x0000000008000898                RCC_IRQHandler
                0x0000000008000898                TIM1_TRG_COM_IRQHandler
                0x0000000008000898                DMA1_Channel1_IRQHandler
                0x0000000008000898                Default_Handler
                0x0000000008000898                EXTI15_10_IRQHandler
                0x0000000008000898                EXTI9_5_IRQHandler
                0x0000000008000898                SPI2_IRQHandler
                0x0000000008000898                DMA1_Channel5_IRQHandler
                0x0000000008000898                EXTI4_IRQHandler
                0x0000000008000898                USB_LP_CAN1_RX0_IRQHandler
                0x0000000008000898                USB_HP_CAN1_TX_IRQHandler
                0x0000000008000898                DMA1_Channel3_IRQHandler
                0x0000000008000898                WWDG_IRQHandler
                0x0000000008000898                TIM2_IRQHandler
                0x0000000008000898                TIM1_BRK_IRQHandler
                0x0000000008000898                EXTI1_IRQHandler
                0x0000000008000898                USART2_IRQHandler
                0x0000000008000898                I2C2_ER_IRQHandler
                0x0000000008000898                DMA1_Channel2_IRQHandler
                0x0000000008000898                CAN1_SCE_IRQHandler
                0x0000000008000898                FLASH_IRQHandler
                0x0000000008000898                I2C1_ER_IRQHandler
                0x0000000008000898                USBWakeUp_IRQHandler
 .text.ConsoleCommandMatch
                0x000000000800089a       0x98 ./Core/thirdparty/console.o
 .text.ConsoleResetBuffer
                0x0000000008000932       0x62 ./Core/thirdparty/console.o
 .text.ConsoleCommandEndline
                0x0000000008000994       0x54 ./Core/thirdparty/console.o
 .text.ConsoleInit
                0x00000000080009e8       0x5c ./Core/thirdparty/console.o
                0x00000000080009e8                ConsoleInit
 .text.ConsoleProcess
                0x0000000008000a44      0x178 ./Core/thirdparty/console.o
                0x0000000008000a44                ConsoleProcess
 .text.ConsoleParamFindN
                0x0000000008000bbc       0x62 ./Core/thirdparty/console.o
 .text.ConsoleReceiveParamInt16
                0x0000000008000c1e       0xbc ./Core/thirdparty/console.o
                0x0000000008000c1e                ConsoleReceiveParamInt16
 .text.ConsoleReceiveParamHexUint16
                0x0000000008000cda       0x92 ./Core/thirdparty/console.o
                0x0000000008000cda                ConsoleReceiveParamHexUint16
 .text.ConsoleReceiveParamString
                0x0000000008000d6c       0x82 ./Core/thirdparty/console.o
                0x0000000008000d6c                ConsoleReceiveParamString
 .text.ConsoleSendParamHexUint16
                0x0000000008000dee       0x72 ./Core/thirdparty/console.o
                0x0000000008000dee                ConsoleSendParamHexUint16
 .text.smallItoa
                0x0000000008000e60       0xa8 ./Core/thirdparty/console.o
 .text.ConsoleSendParamInt16
                0x0000000008000f08       0x2e ./Core/thirdparty/console.o
                0x0000000008000f08                ConsoleSendParamInt16
 .text.ConsoleUtilHexCharToInt
                0x0000000008000f36       0x80 ./Core/thirdparty/console.o
 .text.ConsoleUtilsIntToHexChar
                0x0000000008000fb6       0x4a ./Core/thirdparty/console.o
 .text.ConsoleSendString
                0x0000000008001000       0x18 ./Core/thirdparty/console.o
                0x0000000008001000                ConsoleSendString
 .text.__NVIC_SystemReset
                0x0000000008001018       0x2c ./Core/thirdparty/consoleCommands.o
 .text.ConsoleCommandComment
                0x0000000008001044       0x14 ./Core/thirdparty/consoleCommands.o
 .text.ConsoleCommandHelp
                0x0000000008001058       0x74 ./Core/thirdparty/consoleCommands.o
 .text.ConsoleCommandParamExampleInt16
                0x00000000080010cc       0x68 ./Core/thirdparty/consoleCommands.o
 .text.ConsoleCommandParamExampleHexUint16
                0x0000000008001134       0x48 ./Core/thirdparty/consoleCommands.o
 .text.ConsoleCommandVer
                0x000000000800117c       0x2c ./Core/thirdparty/consoleCommands.o
 .text.ConsoleCommandRst
                0x00000000080011a8       0x10 ./Core/thirdparty/consoleCommands.o
 .text.ConsoleCommandLed
                0x00000000080011b8      0x144 ./Core/thirdparty/consoleCommands.o
 .text.ConsoleCommandsGetTable
                0x00000000080012fc       0x14 ./Core/thirdparty/consoleCommands.o
                0x00000000080012fc                ConsoleCommandsGetTable
 .text.ConsoleIoInit
                0x0000000008001310        0xe ./Core/thirdparty/consoleIo.o
                0x0000000008001310                ConsoleIoInit
 .text.ConsoleIoReceive
                0x000000000800131e       0x4e ./Core/thirdparty/consoleIo.o
                0x000000000800131e                ConsoleIoReceive
 .text.ConsoleIoSendString
                0x000000000800136c       0x28 ./Core/thirdparty/consoleIo.o
                0x000000000800136c                ConsoleIoSendString
 .text.HAL_Init
                0x0000000008001394       0x2c ./Drivers/STM32F1xx_HAL_Driver/Src/stm32f1xx_hal.o
                0x0000000008001394                HAL_Init
 .text.HAL_InitTick
                0x00000000080013c0       0x60 ./Drivers/STM32F1xx_HAL_Driver/Src/stm32f1xx_hal.o
                0x00000000080013c0                HAL_InitTick
 .text.HAL_IncTick
                0x0000000008001420       0x24 ./Drivers/STM32F1xx_HAL_Driver/Src/stm32f1xx_hal.o
                0x0000000008001420                HAL_IncTick
 .text.HAL_GetTick
                0x0000000008001444       0x14 ./Drivers/STM32F1xx_HAL_Driver/Src/stm32f1xx_hal.o
                0x0000000008001444                HAL_GetTick
 .text.__NVIC_SetPriorityGrouping
                0x0000000008001458       0x48 ./Drivers/STM32F1xx_HAL_Driver/Src/stm32f1xx_hal_cortex.o
 .text.__NVIC_GetPriorityGrouping
                0x00000000080014a0       0x1c ./Drivers/STM32F1xx_HAL_Driver/Src/stm32f1xx_hal_cortex.o
 .text.__NVIC_EnableIRQ
                0x00000000080014bc       0x38 ./Drivers/STM32F1xx_HAL_Driver/Src/stm32f1xx_hal_cortex.o
 .text.__NVIC_SetPriority
                0x00000000080014f4       0x54 ./Drivers/STM32F1xx_HAL_Driver/Src/stm32f1xx_hal_cortex.o
 .text.NVIC_EncodePriority
                0x0000000008001548       0x64 ./Drivers/STM32F1xx_HAL_Driver/Src/stm32f1xx_hal_cortex.o
 .text.SysTick_Config
                0x00000000080015ac       0x44 ./Drivers/STM32F1xx_HAL_Driver/Src/stm32f1xx_hal_cortex.o
 .text.HAL_NVIC_SetPriorityGrouping
                0x00000000080015f0       0x16 ./Drivers/STM32F1xx_HAL_Driver/Src/stm32f1xx_hal_cortex.o
                0x00000000080015f0                HAL_NVIC_SetPriorityGrouping
 .text.HAL_NVIC_SetPriority
                0x0000000008001606       0x38 ./Drivers/STM32F1xx_HAL_Driver/Src/stm32f1xx_hal_cortex.o
                0x0000000008001606                HAL_NVIC_SetPriority
 .text.HAL_NVIC_EnableIRQ
                0x000000000800163e       0x1c ./Drivers/STM32F1xx_HAL_Driver/Src/stm32f1xx_hal_cortex.o
                0x000000000800163e                HAL_NVIC_EnableIRQ
 .text.HAL_SYSTICK_Config
                0x000000000800165a       0x18 ./Drivers/STM32F1xx_HAL_Driver/Src/stm32f1xx_hal_cortex.o
                0x000000000800165a                HAL_SYSTICK_Config
 .text.HAL_DMA_Abort
                0x0000000008001672       0x74 ./Drivers/STM32F1xx_HAL_Driver/Src/stm32f1xx_hal_dma.o
                0x0000000008001672                HAL_DMA_Abort
 *fill*         0x00000000080016e6        0x2 
 .text.HAL_DMA_Abort_IT
                0x00000000080016e8       0xec ./Drivers/STM32F1xx_HAL_Driver/Src/stm32f1xx_hal_dma.o
                0x00000000080016e8                HAL_DMA_Abort_IT
 .text.HAL_GPIO_Init
                0x00000000080017d4      0x308 ./Drivers/STM32F1xx_HAL_Driver/Src/stm32f1xx_hal_gpio.o
                0x00000000080017d4                HAL_GPIO_Init
 .text.HAL_GPIO_WritePin
                0x0000000008001adc       0x30 ./Drivers/STM32F1xx_HAL_Driver/Src/stm32f1xx_hal_gpio.o
                0x0000000008001adc                HAL_GPIO_WritePin
 .text.HAL_GPIO_EXTI_IRQHandler
                0x0000000008001b0c       0x30 ./Drivers/STM32F1xx_HAL_Driver/Src/stm32f1xx_hal_gpio.o
                0x0000000008001b0c                HAL_GPIO_EXTI_IRQHandler
 .text.HAL_RCC_OscConfig
                0x0000000008001b3c      0x504 ./Drivers/STM32F1xx_HAL_Driver/Src/stm32f1xx_hal_rcc.o
                0x0000000008001b3c                HAL_RCC_OscConfig
 .text.HAL_RCC_ClockConfig
                0x0000000008002040      0x1d4 ./Drivers/STM32F1xx_HAL_Driver/Src/stm32f1xx_hal_rcc.o
                0x0000000008002040                HAL_RCC_ClockConfig
 .text.HAL_RCC_GetSysClockFreq
                0x0000000008002214       0xbc ./Drivers/STM32F1xx_HAL_Driver/Src/stm32f1xx_hal_rcc.o
                0x0000000008002214                HAL_RCC_GetSysClockFreq
 .text.HAL_RCC_GetHCLKFreq
                0x00000000080022d0       0x14 ./Drivers/STM32F1xx_HAL_Driver/Src/stm32f1xx_hal_rcc.o
                0x00000000080022d0                HAL_RCC_GetHCLKFreq
 .text.HAL_RCC_GetPCLK1Freq
                0x00000000080022e4       0x28 ./Drivers/STM32F1xx_HAL_Driver/Src/stm32f1xx_hal_rcc.o
                0x00000000080022e4                HAL_RCC_GetPCLK1Freq
 .text.HAL_RCC_GetPCLK2Freq
                0x000000000800230c       0x28 ./Drivers/STM32F1xx_HAL_Driver/Src/stm32f1xx_hal_rcc.o
                0x000000000800230c                HAL_RCC_GetPCLK2Freq
 .text.RCC_Delay
                0x0000000008002334       0x3c ./Drivers/STM32F1xx_HAL_Driver/Src/stm32f1xx_hal_rcc.o
 .text.HAL_TIM_Base_Init
                0x0000000008002370       0x9e ./Drivers/STM32F1xx_HAL_Driver/Src/stm32f1xx_hal_tim.o
                0x0000000008002370                HAL_TIM_Base_Init
 .text.HAL_TIM_IRQHandler
                0x000000000800240e      0x210 ./Drivers/STM32F1xx_HAL_Driver/Src/stm32f1xx_hal_tim.o
                0x000000000800240e                HAL_TIM_IRQHandler
 .text.HAL_TIM_SlaveConfigSynchro
                0x000000000800261e       0x84 ./Drivers/STM32F1xx_HAL_Driver/Src/stm32f1xx_hal_tim.o
                0x000000000800261e                HAL_TIM_SlaveConfigSynchro
 .text.HAL_TIM_OC_DelayElapsedCallback
                0x00000000080026a2       0x12 ./Drivers/STM32F1xx_HAL_Driver/Src/stm32f1xx_hal_tim.o
                0x00000000080026a2                HAL_TIM_OC_DelayElapsedCallback
 .text.HAL_TIM_IC_CaptureCallback
                0x00000000080026b4       0x12 ./Drivers/STM32F1xx_HAL_Driver/Src/stm32f1xx_hal_tim.o
                0x00000000080026b4                HAL_TIM_IC_CaptureCallback
 .text.HAL_TIM_PWM_PulseFinishedCallback
                0x00000000080026c6       0x12 ./Drivers/STM32F1xx_HAL_Driver/Src/stm32f1xx_hal_tim.o
                0x00000000080026c6                HAL_TIM_PWM_PulseFinishedCallback
 .text.HAL_TIM_TriggerCallback
                0x00000000080026d8       0x12 ./Drivers/STM32F1xx_HAL_Driver/Src/stm32f1xx_hal_tim.o
                0x00000000080026d8                HAL_TIM_TriggerCallback
 *fill*         0x00000000080026ea        0x2 
 .text.TIM_Base_SetConfig
                0x00000000080026ec       0xc4 ./Drivers/STM32F1xx_HAL_Driver/Src/stm32f1xx_hal_tim.o
                0x00000000080026ec                TIM_Base_SetConfig
 .text.TIM_SlaveTimer_SetConfig
                0x00000000080027b0      0x11c ./Drivers/STM32F1xx_HAL_Driver/Src/stm32f1xx_hal_tim.o
 .text.TIM_TI1_ConfigInputStage
                0x00000000080028cc       0x5c ./Drivers/STM32F1xx_HAL_Driver/Src/stm32f1xx_hal_tim.o
 .text.TIM_TI2_ConfigInputStage
                0x0000000008002928       0x5e ./Drivers/STM32F1xx_HAL_Driver/Src/stm32f1xx_hal_tim.o
 .text.TIM_ETR_SetConfig
                0x0000000008002986       0x3e ./Drivers/STM32F1xx_HAL_Driver/Src/stm32f1xx_hal_tim.o
                0x0000000008002986                TIM_ETR_SetConfig
 .text.HAL_TIMEx_MasterConfigSynchronization
                0x00000000080029c4       0xbc ./Drivers/STM32F1xx_HAL_Driver/Src/stm32f1xx_hal_tim_ex.o
                0x00000000080029c4                HAL_TIMEx_MasterConfigSynchronization
 .text.HAL_TIMEx_CommutCallback
                0x0000000008002a80       0x12 ./Drivers/STM32F1xx_HAL_Driver/Src/stm32f1xx_hal_tim_ex.o
                0x0000000008002a80                HAL_TIMEx_CommutCallback
 .text.HAL_TIMEx_BreakCallback
                0x0000000008002a92       0x12 ./Drivers/STM32F1xx_HAL_Driver/Src/stm32f1xx_hal_tim_ex.o
                0x0000000008002a92                HAL_TIMEx_BreakCallback
 .text.HAL_UART_Init
                0x0000000008002aa4       0x9a ./Drivers/STM32F1xx_HAL_Driver/Src/stm32f1xx_hal_uart.o
                0x0000000008002aa4                HAL_UART_Init
 .text.HAL_UART_Transmit
                0x0000000008002b3e      0x124 ./Drivers/STM32F1xx_HAL_Driver/Src/stm32f1xx_hal_uart.o
                0x0000000008002b3e                HAL_UART_Transmit
 .text.HAL_UART_Receive_IT
                0x0000000008002c62       0x60 ./Drivers/STM32F1xx_HAL_Driver/Src/stm32f1xx_hal_uart.o
                0x0000000008002c62                HAL_UART_Receive_IT
 *fill*         0x0000000008002cc2        0x2 
 .text.HAL_UART_IRQHandler
                0x0000000008002cc4      0x354 ./Drivers/STM32F1xx_HAL_Driver/Src/stm32f1xx_hal_uart.o
                0x0000000008002cc4                HAL_UART_IRQHandler
 .text.HAL_UART_TxCpltCallback
                0x0000000008003018       0x12 ./Drivers/STM32F1xx_HAL_Driver/Src/stm32f1xx_hal_uart.o
                0x0000000008003018                HAL_UART_TxCpltCallback
 .text.HAL_UART_ErrorCallback
                0x000000000800302a       0x12 ./Drivers/STM32F1xx_HAL_Driver/Src/stm32f1xx_hal_uart.o
                0x000000000800302a                HAL_UART_ErrorCallback
 .text.HAL_UARTEx_RxEventCallback
                0x000000000800303c       0x16 ./Drivers/STM32F1xx_HAL_Driver/Src/stm32f1xx_hal_uart.o
                0x000000000800303c                HAL_UARTEx_RxEventCallback
 .text.UART_WaitOnFlagUntilTimeout
                0x0000000008003052       0x94 ./Drivers/STM32F1xx_HAL_Driver/Src/stm32f1xx_hal_uart.o
 .text.UART_Start_Receive_IT
                0x00000000080030e6       0x72 ./Drivers/STM32F1xx_HAL_Driver/Src/stm32f1xx_hal_uart.o
                0x00000000080030e6                UART_Start_Receive_IT
 .text.UART_EndRxTransfer
                0x0000000008003158       0x58 ./Drivers/STM32F1xx_HAL_Driver/Src/stm32f1xx_hal_uart.o
 .text.UART_DMAAbortOnError
                0x00000000080031b0       0x28 ./Drivers/STM32F1xx_HAL_Driver/Src/stm32f1xx_hal_uart.o
 .text.UART_Transmit_IT
                0x00000000080031d8       0x9e ./Drivers/STM32F1xx_HAL_Driver/Src/stm32f1xx_hal_uart.o
 .text.UART_EndTransmit_IT
                0x0000000008003276       0x30 ./Drivers/STM32F1xx_HAL_Driver/Src/stm32f1xx_hal_uart.o
 .text.UART_Receive_IT
                0x00000000080032a6      0x152 ./Drivers/STM32F1xx_HAL_Driver/Src/stm32f1xx_hal_uart.o
 .text.UART_SetConfig
                0x00000000080033f8      0x11c ./Drivers/STM32F1xx_HAL_Driver/Src/stm32f1xx_hal_uart.o
 .text.atoi     0x0000000008003514        0x8 c:/st/stm32cubeide_1.9.0/stm32cubeide/plugins/com.st.stm32cube.ide.mcu.externaltools.gnu-tools-for-stm32.10.3-2021.10.win32_1.0.0.202111181127/tools/bin/../lib/gcc/arm-none-eabi/10.3.1/../../../../arm-none-eabi/lib/thumb/v7-m/nofp\libc_nano.a(lib_a-atoi.o)
                0x0000000008003514                atoi
 .text.__errno  0x000000000800351c        0xc c:/st/stm32cubeide_1.9.0/stm32cubeide/plugins/com.st.stm32cube.ide.mcu.externaltools.gnu-tools-for-stm32.10.3-2021.10.win32_1.0.0.202111181127/tools/bin/../lib/gcc/arm-none-eabi/10.3.1/../../../../arm-none-eabi/lib/thumb/v7-m/nofp\libc_nano.a(lib_a-errno.o)
                0x000000000800351c                __errno
 .text.__libc_init_array
                0x0000000008003528       0x48 c:/st/stm32cubeide_1.9.0/stm32cubeide/plugins/com.st.stm32cube.ide.mcu.externaltools.gnu-tools-for-stm32.10.3-2021.10.win32_1.0.0.202111181127/tools/bin/../lib/gcc/arm-none-eabi/10.3.1/../../../../arm-none-eabi/lib/thumb/v7-m/nofp\libc_nano.a(lib_a-init.o)
                0x0000000008003528                __libc_init_array
 .text.memset   0x0000000008003570       0x10 c:/st/stm32cubeide_1.9.0/stm32cubeide/plugins/com.st.stm32cube.ide.mcu.externaltools.gnu-tools-for-stm32.10.3-2021.10.win32_1.0.0.202111181127/tools/bin/../lib/gcc/arm-none-eabi/10.3.1/../../../../arm-none-eabi/lib/thumb/v7-m/nofp\libc_nano.a(lib_a-memset.o)
                0x0000000008003570                memset
 .text._strtol_l.constprop.0
                0x0000000008003580       0xf8 c:/st/stm32cubeide_1.9.0/stm32cubeide/plugins/com.st.stm32cube.ide.mcu.externaltools.gnu-tools-for-stm32.10.3-2021.10.win32_1.0.0.202111181127/tools/bin/../lib/gcc/arm-none-eabi/10.3.1/../../../../arm-none-eabi/lib/thumb/v7-m/nofp\libc_nano.a(lib_a-strtol.o)
 .text.strtol   0x0000000008003678       0x14 c:/st/stm32cubeide_1.9.0/stm32cubeide/plugins/com.st.stm32cube.ide.mcu.externaltools.gnu-tools-for-stm32.10.3-2021.10.win32_1.0.0.202111181127/tools/bin/../lib/gcc/arm-none-eabi/10.3.1/../../../../arm-none-eabi/lib/thumb/v7-m/nofp\libc_nano.a(lib_a-strtol.o)
                0x0000000008003678                strtol
 *(.glue_7)
 .glue_7        0x000000000800368c        0x0 linker stubs
 *(.glue_7t)
 .glue_7t       0x000000000800368c        0x0 linker stubs
 *(.eh_frame)
 .eh_frame      0x000000000800368c        0x0 c:/st/stm32cubeide_1.9.0/stm32cubeide/plugins/com.st.stm32cube.ide.mcu.externaltools.gnu-tools-for-stm32.10.3-2021.10.win32_1.0.0.202111181127/tools/bin/../lib/gcc/arm-none-eabi/10.3.1/thumb/v7-m/nofp/crtbegin.o
 *(.init)
 .init          0x000000000800368c        0x4 c:/st/stm32cubeide_1.9.0/stm32cubeide/plugins/com.st.stm32cube.ide.mcu.externaltools.gnu-tools-for-stm32.10.3-2021.10.win32_1.0.0.202111181127/tools/bin/../lib/gcc/arm-none-eabi/10.3.1/thumb/v7-m/nofp/crti.o
                0x000000000800368c                _init
 .init          0x0000000008003690        0x8 c:/st/stm32cubeide_1.9.0/stm32cubeide/plugins/com.st.stm32cube.ide.mcu.externaltools.gnu-tools-for-stm32.10.3-2021.10.win32_1.0.0.202111181127/tools/bin/../lib/gcc/arm-none-eabi/10.3.1/thumb/v7-m/nofp/crtn.o
 *(.fini)
 .fini          0x0000000008003698        0x4 c:/st/stm32cubeide_1.9.0/stm32cubeide/plugins/com.st.stm32cube.ide.mcu.externaltools.gnu-tools-for-stm32.10.3-2021.10.win32_1.0.0.202111181127/tools/bin/../lib/gcc/arm-none-eabi/10.3.1/thumb/v7-m/nofp/crti.o
                0x0000000008003698                _fini
 .fini          0x000000000800369c        0x8 c:/st/stm32cubeide_1.9.0/stm32cubeide/plugins/com.st.stm32cube.ide.mcu.externaltools.gnu-tools-for-stm32.10.3-2021.10.win32_1.0.0.202111181127/tools/bin/../lib/gcc/arm-none-eabi/10.3.1/thumb/v7-m/nofp/crtn.o
                0x00000000080036a4                . = ALIGN (0x4)
                0x00000000080036a4                _etext = .

.vfp11_veneer   0x00000000080036a4        0x0
 .vfp11_veneer  0x00000000080036a4        0x0 linker stubs

.v4_bx          0x00000000080036a4        0x0
 .v4_bx         0x00000000080036a4        0x0 linker stubs

.iplt           0x00000000080036a4        0x0
 .iplt          0x00000000080036a4        0x0 c:/st/stm32cubeide_1.9.0/stm32cubeide/plugins/com.st.stm32cube.ide.mcu.externaltools.gnu-tools-for-stm32.10.3-2021.10.win32_1.0.0.202111181127/tools/bin/../lib/gcc/arm-none-eabi/10.3.1/thumb/v7-m/nofp/crtbegin.o

.rodata         0x00000000080036a4      0x488
                0x00000000080036a4                . = ALIGN (0x4)
 *(.rodata)
 .rodata        0x00000000080036a4       0x73 ./Core/thirdparty/console.o
 *fill*         0x0000000008003717        0x1 
 .rodata        0x0000000008003718       0x8f ./Core/thirdparty/consoleCommands.o
 *fill*         0x00000000080037a7        0x1 
 .rodata        0x00000000080037a8       0x10 ./Drivers/STM32F1xx_HAL_Driver/Src/stm32f1xx_hal_rcc.o
 *(.rodata*)
 .rodata.BTN_USER
                0x00000000080037b8        0x8 ./Core/Src/button.o
                0x00000000080037b8                BTN_USER
 .rodata.LED_RED
                0x00000000080037c0        0x8 ./Core/Src/led.o
                0x00000000080037c0                LED_RED
 .rodata.LED_GREEN
                0x00000000080037c8        0x8 ./Core/Src/led.o
                0x00000000080037c8                LED_GREEN
 .rodata.AHBPrescTable
                0x00000000080037d0       0x10 ./Core/Src/system_stm32f1xx.o
                0x00000000080037d0                AHBPrescTable
 .rodata.APBPrescTable
                0x00000000080037e0        0x8 ./Core/Src/system_stm32f1xx.o
                0x00000000080037e0                APBPrescTable
 .rodata.mConsoleCommandTable
                0x00000000080037e8      0x240 ./Core/thirdparty/consoleCommands.o
 .rodata._ctype_
                0x0000000008003a28      0x101 c:/st/stm32cubeide_1.9.0/stm32cubeide/plugins/com.st.stm32cube.ide.mcu.externaltools.gnu-tools-for-stm32.10.3-2021.10.win32_1.0.0.202111181127/tools/bin/../lib/gcc/arm-none-eabi/10.3.1/../../../../arm-none-eabi/lib/thumb/v7-m/nofp\libc_nano.a(lib_a-ctype_.o)
                0x0000000008003a28                _ctype_
                0x0000000008003b2c                . = ALIGN (0x4)
 *fill*         0x0000000008003b29        0x3 

.rel.dyn        0x0000000008003b2c        0x0
 .rel.iplt      0x0000000008003b2c        0x0 c:/st/stm32cubeide_1.9.0/stm32cubeide/plugins/com.st.stm32cube.ide.mcu.externaltools.gnu-tools-for-stm32.10.3-2021.10.win32_1.0.0.202111181127/tools/bin/../lib/gcc/arm-none-eabi/10.3.1/thumb/v7-m/nofp/crtbegin.o

.ARM.extab      0x0000000008003b2c        0x0
                0x0000000008003b2c                . = ALIGN (0x4)
 *(.ARM.extab* .gnu.linkonce.armextab.*)
                0x0000000008003b2c                . = ALIGN (0x4)

.ARM            0x0000000008003b2c        0x0
                0x0000000008003b2c                . = ALIGN (0x4)
                0x0000000008003b2c                __exidx_start = .
 *(.ARM.exidx*)
                0x0000000008003b2c                __exidx_end = .
                0x0000000008003b2c                . = ALIGN (0x4)

.preinit_array  0x0000000008003b2c        0x0
                0x0000000008003b2c                . = ALIGN (0x4)
                0x0000000008003b2c                PROVIDE (__preinit_array_start = .)
 *(.preinit_array*)
                0x0000000008003b2c                PROVIDE (__preinit_array_end = .)
                0x0000000008003b2c                . = ALIGN (0x4)

.init_array     0x0000000008003b2c        0x4
                0x0000000008003b2c                . = ALIGN (0x4)
                0x0000000008003b2c                PROVIDE (__init_array_start = .)
 *(SORT_BY_NAME(.init_array.*))
 *(.init_array*)
 .init_array    0x0000000008003b2c        0x4 c:/st/stm32cubeide_1.9.0/stm32cubeide/plugins/com.st.stm32cube.ide.mcu.externaltools.gnu-tools-for-stm32.10.3-2021.10.win32_1.0.0.202111181127/tools/bin/../lib/gcc/arm-none-eabi/10.3.1/thumb/v7-m/nofp/crtbegin.o
                0x0000000008003b30                PROVIDE (__init_array_end = .)
                0x0000000008003b30                . = ALIGN (0x4)

.fini_array     0x0000000008003b30        0x4
                0x0000000008003b30                . = ALIGN (0x4)
                [!provide]                        PROVIDE (__fini_array_start = .)
 *(SORT_BY_NAME(.fini_array.*))
 *(.fini_array*)
 .fini_array    0x0000000008003b30        0x4 c:/st/stm32cubeide_1.9.0/stm32cubeide/plugins/com.st.stm32cube.ide.mcu.externaltools.gnu-tools-for-stm32.10.3-2021.10.win32_1.0.0.202111181127/tools/bin/../lib/gcc/arm-none-eabi/10.3.1/thumb/v7-m/nofp/crtbegin.o
                [!provide]                        PROVIDE (__fini_array_end = .)
                0x0000000008003b34                . = ALIGN (0x4)
                0x0000000008003b34                _sidata = LOADADDR (.data)

.data           0x0000000020000000       0x70 load address 0x0000000008003b34
                0x0000000020000000                . = ALIGN (0x4)
                0x0000000020000000                _sdata = .
 *(.data)
 *(.data*)
 .data.SystemCoreClock
                0x0000000020000000        0x4 ./Core/Src/system_stm32f1xx.o
                0x0000000020000000                SystemCoreClock
 .data.uwTickPrio
                0x0000000020000004        0x4 ./Drivers/STM32F1xx_HAL_Driver/Src/stm32f1xx_hal.o
                0x0000000020000004                uwTickPrio
 .data.uwTickFreq
                0x0000000020000008        0x1 ./Drivers/STM32F1xx_HAL_Driver/Src/stm32f1xx_hal.o
                0x0000000020000008                uwTickFreq
 *fill*         0x0000000020000009        0x3 
 .data._impure_ptr
                0x000000002000000c        0x4 c:/st/stm32cubeide_1.9.0/stm32cubeide/plugins/com.st.stm32cube.ide.mcu.externaltools.gnu-tools-for-stm32.10.3-2021.10.win32_1.0.0.202111181127/tools/bin/../lib/gcc/arm-none-eabi/10.3.1/../../../../arm-none-eabi/lib/thumb/v7-m/nofp\libc_nano.a(lib_a-impure.o)
                0x000000002000000c                _impure_ptr
 .data.impure_data
                0x0000000020000010       0x60 c:/st/stm32cubeide_1.9.0/stm32cubeide/plugins/com.st.stm32cube.ide.mcu.externaltools.gnu-tools-for-stm32.10.3-2021.10.win32_1.0.0.202111181127/tools/bin/../lib/gcc/arm-none-eabi/10.3.1/../../../../arm-none-eabi/lib/thumb/v7-m/nofp\libc_nano.a(lib_a-impure.o)
 *(.RamFunc)
 *(.RamFunc*)
                0x0000000020000070                . = ALIGN (0x4)
                0x0000000020000070                _edata = .

.igot.plt       0x0000000020000070        0x0 load address 0x0000000008003ba4
 .igot.plt      0x0000000020000070        0x0 c:/st/stm32cubeide_1.9.0/stm32cubeide/plugins/com.st.stm32cube.ide.mcu.externaltools.gnu-tools-for-stm32.10.3-2021.10.win32_1.0.0.202111181127/tools/bin/../lib/gcc/arm-none-eabi/10.3.1/thumb/v7-m/nofp/crtbegin.o
                0x0000000020000070                . = ALIGN (0x4)

.bss            0x0000000020000070      0x248 load address 0x0000000008003ba4
                0x0000000020000070                _sbss = .
                0x0000000020000070                __bss_start__ = _sbss
 *(.bss)
 .bss           0x0000000020000070       0x1c c:/st/stm32cubeide_1.9.0/stm32cubeide/plugins/com.st.stm32cube.ide.mcu.externaltools.gnu-tools-for-stm32.10.3-2021.10.win32_1.0.0.202111181127/tools/bin/../lib/gcc/arm-none-eabi/10.3.1/thumb/v7-m/nofp/crtbegin.o
 *(.bss*)
 .bss.blinkieBtnEvt
                0x000000002000008c        0x1 ./Core/Src/blinkie.o
 .bss.blinkieTmrEvt
                0x000000002000008d        0x1 ./Core/Src/blinkie.o
 *fill*         0x000000002000008e        0x2 
 .bss.htim1     0x0000000020000090       0x48 ./Core/Src/main.o
                0x0000000020000090                htim1
 .bss.huart1    0x00000000200000d8       0x44 ./Core/Src/main.o
                0x00000000200000d8                huart1
 .bss.blinkTimer
                0x000000002000011c       0x48 ./Core/Src/timer.o
 .bss.sHandleUSART1
                0x0000000020000164       0x44 ./Core/Src/uart.o
 .bss.isReceived
                0x00000000200001a8        0x1 ./Core/Src/uart.o
 .bss.byte      0x00000000200001a9        0x1 ./Core/Src/uart.o
 *fill*         0x00000000200001aa        0x2 
 .bss.mReceiveBuffer
                0x00000000200001ac      0x100 ./Core/thirdparty/console.o
                0x00000000200001ac                mReceiveBuffer
 .bss.mReceivedSoFar
                0x00000000200002ac        0x4 ./Core/thirdparty/console.o
                0x00000000200002ac                mReceivedSoFar
 .bss.mReceiveBufferNeedsChecking
                0x00000000200002b0        0x1 ./Core/thirdparty/console.o
                0x00000000200002b0                mReceiveBufferNeedsChecking
 *fill*         0x00000000200002b1        0x3 
 .bss.uwTick    0x00000000200002b4        0x4 ./Drivers/STM32F1xx_HAL_Driver/Src/stm32f1xx_hal.o
                0x00000000200002b4                uwTick
 *(COMMON)
                0x00000000200002b8                . = ALIGN (0x4)
                0x00000000200002b8                _ebss = .
                0x00000000200002b8                __bss_end__ = _ebss

._user_heap_stack
                0x00000000200002b8      0x600 load address 0x0000000008003ba4
                0x00000000200002b8                . = ALIGN (0x8)
                [!provide]                        PROVIDE (end = .)
                0x00000000200002b8                PROVIDE (_end = .)
                0x00000000200004b8                . = (. + _Min_Heap_Size)
 *fill*         0x00000000200002b8      0x200 
                0x00000000200008b8                . = (. + _Min_Stack_Size)
 *fill*         0x00000000200004b8      0x400 
                0x00000000200008b8                . = ALIGN (0x8)

/DISCARD/
 libc.a(*)
 libm.a(*)
 libgcc.a(*)

.ARM.attributes
                0x0000000000000000       0x29
 *(.ARM.attributes)
 .ARM.attributes
                0x0000000000000000       0x1d c:/st/stm32cubeide_1.9.0/stm32cubeide/plugins/com.st.stm32cube.ide.mcu.externaltools.gnu-tools-for-stm32.10.3-2021.10.win32_1.0.0.202111181127/tools/bin/../lib/gcc/arm-none-eabi/10.3.1/thumb/v7-m/nofp/crti.o
 .ARM.attributes
                0x000000000000001d       0x2d c:/st/stm32cubeide_1.9.0/stm32cubeide/plugins/com.st.stm32cube.ide.mcu.externaltools.gnu-tools-for-stm32.10.3-2021.10.win32_1.0.0.202111181127/tools/bin/../lib/gcc/arm-none-eabi/10.3.1/thumb/v7-m/nofp/crtbegin.o
 .ARM.attributes
                0x000000000000004a       0x2d ./Core/Src/blinkie.o
 .ARM.attributes
                0x0000000000000077       0x2d ./Core/Src/button.o
 .ARM.attributes
                0x00000000000000a4       0x2d ./Core/Src/led.o
 .ARM.attributes
                0x00000000000000d1       0x2d ./Core/Src/main.o
 .ARM.attributes
                0x00000000000000fe       0x2d ./Core/Src/stm32f1xx_hal_msp.o
 .ARM.attributes
                0x000000000000012b       0x2d ./Core/Src/stm32f1xx_it.o
 .ARM.attributes
                0x0000000000000158       0x2d ./Core/Src/system_stm32f1xx.o
 .ARM.attributes
                0x0000000000000185       0x2d ./Core/Src/timer.o
 .ARM.attributes
                0x00000000000001b2       0x2d ./Core/Src/uart.o
 .ARM.attributes
                0x00000000000001df       0x21 ./Core/Startup/startup_stm32f103c8tx.o
 .ARM.attributes
                0x0000000000000200       0x2d ./Core/thirdparty/console.o
 .ARM.attributes
                0x000000000000022d       0x2d ./Core/thirdparty/consoleCommands.o
 .ARM.attributes
                0x000000000000025a       0x2d ./Core/thirdparty/consoleIo.o
 .ARM.attributes
                0x0000000000000287       0x2d ./Drivers/STM32F1xx_HAL_Driver/Src/stm32f1xx_hal.o
 .ARM.attributes
                0x00000000000002b4       0x2d ./Drivers/STM32F1xx_HAL_Driver/Src/stm32f1xx_hal_cortex.o
 .ARM.attributes
                0x00000000000002e1       0x2d ./Drivers/STM32F1xx_HAL_Driver/Src/stm32f1xx_hal_dma.o
 .ARM.attributes
                0x000000000000030e       0x2d ./Drivers/STM32F1xx_HAL_Driver/Src/stm32f1xx_hal_gpio.o
 .ARM.attributes
                0x000000000000033b       0x2d ./Drivers/STM32F1xx_HAL_Driver/Src/stm32f1xx_hal_rcc.o
 .ARM.attributes
                0x0000000000000368       0x2d ./Drivers/STM32F1xx_HAL_Driver/Src/stm32f1xx_hal_tim.o
 .ARM.attributes
                0x0000000000000395       0x2d ./Drivers/STM32F1xx_HAL_Driver/Src/stm32f1xx_hal_tim_ex.o
 .ARM.attributes
                0x00000000000003c2       0x2d ./Drivers/STM32F1xx_HAL_Driver/Src/stm32f1xx_hal_uart.o
 .ARM.attributes
                0x00000000000003ef       0x2d c:/st/stm32cubeide_1.9.0/stm32cubeide/plugins/com.st.stm32cube.ide.mcu.externaltools.gnu-tools-for-stm32.10.3-2021.10.win32_1.0.0.202111181127/tools/bin/../lib/gcc/arm-none-eabi/10.3.1/../../../../arm-none-eabi/lib/thumb/v7-m/nofp\libc_nano.a(lib_a-atoi.o)
 .ARM.attributes
                0x000000000000041c       0x2d c:/st/stm32cubeide_1.9.0/stm32cubeide/plugins/com.st.stm32cube.ide.mcu.externaltools.gnu-tools-for-stm32.10.3-2021.10.win32_1.0.0.202111181127/tools/bin/../lib/gcc/arm-none-eabi/10.3.1/../../../../arm-none-eabi/lib/thumb/v7-m/nofp\libc_nano.a(lib_a-errno.o)
 .ARM.attributes
                0x0000000000000449       0x2d c:/st/stm32cubeide_1.9.0/stm32cubeide/plugins/com.st.stm32cube.ide.mcu.externaltools.gnu-tools-for-stm32.10.3-2021.10.win32_1.0.0.202111181127/tools/bin/../lib/gcc/arm-none-eabi/10.3.1/../../../../arm-none-eabi/lib/thumb/v7-m/nofp\libc_nano.a(lib_a-impure.o)
 .ARM.attributes
                0x0000000000000476       0x2d c:/st/stm32cubeide_1.9.0/stm32cubeide/plugins/com.st.stm32cube.ide.mcu.externaltools.gnu-tools-for-stm32.10.3-2021.10.win32_1.0.0.202111181127/tools/bin/../lib/gcc/arm-none-eabi/10.3.1/../../../../arm-none-eabi/lib/thumb/v7-m/nofp\libc_nano.a(lib_a-init.o)
 .ARM.attributes
                0x00000000000004a3       0x2d c:/st/stm32cubeide_1.9.0/stm32cubeide/plugins/com.st.stm32cube.ide.mcu.externaltools.gnu-tools-for-stm32.10.3-2021.10.win32_1.0.0.202111181127/tools/bin/../lib/gcc/arm-none-eabi/10.3.1/../../../../arm-none-eabi/lib/thumb/v7-m/nofp\libc_nano.a(lib_a-memset.o)
 .ARM.attributes
                0x00000000000004d0       0x1b c:/st/stm32cubeide_1.9.0/stm32cubeide/plugins/com.st.stm32cube.ide.mcu.externaltools.gnu-tools-for-stm32.10.3-2021.10.win32_1.0.0.202111181127/tools/bin/../lib/gcc/arm-none-eabi/10.3.1/../../../../arm-none-eabi/lib/thumb/v7-m/nofp\libc_nano.a(lib_a-strcmp.o)
 .ARM.attributes
                0x00000000000004eb       0x2d c:/st/stm32cubeide_1.9.0/stm32cubeide/plugins/com.st.stm32cube.ide.mcu.externaltools.gnu-tools-for-stm32.10.3-2021.10.win32_1.0.0.202111181127/tools/bin/../lib/gcc/arm-none-eabi/10.3.1/../../../../arm-none-eabi/lib/thumb/v7-m/nofp\libc_nano.a(lib_a-strtol.o)
 .ARM.attributes
                0x0000000000000518       0x2d c:/st/stm32cubeide_1.9.0/stm32cubeide/plugins/com.st.stm32cube.ide.mcu.externaltools.gnu-tools-for-stm32.10.3-2021.10.win32_1.0.0.202111181127/tools/bin/../lib/gcc/arm-none-eabi/10.3.1/../../../../arm-none-eabi/lib/thumb/v7-m/nofp\libc_nano.a(lib_a-ctype_.o)
 .ARM.attributes
                0x0000000000000545       0x1d c:/st/stm32cubeide_1.9.0/stm32cubeide/plugins/com.st.stm32cube.ide.mcu.externaltools.gnu-tools-for-stm32.10.3-2021.10.win32_1.0.0.202111181127/tools/bin/../lib/gcc/arm-none-eabi/10.3.1/thumb/v7-m/nofp/crtn.o
OUTPUT(cli.elf elf32-littlearm)
LOAD linker stubs
LOAD c:/st/stm32cubeide_1.9.0/stm32cubeide/plugins/com.st.stm32cube.ide.mcu.externaltools.gnu-tools-for-stm32.10.3-2021.10.win32_1.0.0.202111181127/tools/bin/../lib/gcc/arm-none-eabi/10.3.1/../../../../arm-none-eabi/lib/thumb/v7-m/nofp\libc.a
LOAD c:/st/stm32cubeide_1.9.0/stm32cubeide/plugins/com.st.stm32cube.ide.mcu.externaltools.gnu-tools-for-stm32.10.3-2021.10.win32_1.0.0.202111181127/tools/bin/../lib/gcc/arm-none-eabi/10.3.1/../../../../arm-none-eabi/lib/thumb/v7-m/nofp\libm.a
LOAD c:/st/stm32cubeide_1.9.0/stm32cubeide/plugins/com.st.stm32cube.ide.mcu.externaltools.gnu-tools-for-stm32.10.3-2021.10.win32_1.0.0.202111181127/tools/bin/../lib/gcc/arm-none-eabi/10.3.1/thumb/v7-m/nofp\libgcc.a

.debug_info     0x0000000000000000     0xd196
 .debug_info    0x0000000000000000      0x86d ./Core/Src/blinkie.o
 .debug_info    0x000000000000086d      0x47a ./Core/Src/button.o
 .debug_info    0x0000000000000ce7      0x2e9 ./Core/Src/led.o
 .debug_info    0x0000000000000fd0      0xee1 ./Core/Src/main.o
 .debug_info    0x0000000000001eb1      0xbec ./Core/Src/stm32f1xx_hal_msp.o
 .debug_info    0x0000000000002a9d      0x122 ./Core/Src/stm32f1xx_it.o
 .debug_info    0x0000000000002bbf      0x23d ./Core/Src/system_stm32f1xx.o
 .debug_info    0x0000000000002dfc      0x94b ./Core/Src/timer.o
 .debug_info    0x0000000000003747      0xa1d ./Core/Src/uart.o
 .debug_info    0x0000000000004164       0x22 ./Core/Startup/startup_stm32f103c8tx.o
 .debug_info    0x0000000000004186      0x98b ./Core/thirdparty/console.o
 .debug_info    0x0000000000004b11      0x7e3 ./Core/thirdparty/consoleCommands.o
 .debug_info    0x00000000000052f4      0x1d1 ./Core/thirdparty/consoleIo.o
 .debug_info    0x00000000000054c5      0x734 ./Drivers/STM32F1xx_HAL_Driver/Src/stm32f1xx_hal.o
 .debug_info    0x0000000000005bf9      0xb20 ./Drivers/STM32F1xx_HAL_Driver/Src/stm32f1xx_hal_cortex.o
 .debug_info    0x0000000000006719      0x73f ./Drivers/STM32F1xx_HAL_Driver/Src/stm32f1xx_hal_dma.o
 .debug_info    0x0000000000006e58      0x615 ./Drivers/STM32F1xx_HAL_Driver/Src/stm32f1xx_hal_gpio.o
 .debug_info    0x000000000000746d      0x860 ./Drivers/STM32F1xx_HAL_Driver/Src/stm32f1xx_hal_rcc.o
 .debug_info    0x0000000000007ccd     0x29de ./Drivers/STM32F1xx_HAL_Driver/Src/stm32f1xx_hal_tim.o
 .debug_info    0x000000000000a6ab     0x1513 ./Drivers/STM32F1xx_HAL_Driver/Src/stm32f1xx_hal_tim_ex.o
 .debug_info    0x000000000000bbbe     0x15d8 ./Drivers/STM32F1xx_HAL_Driver/Src/stm32f1xx_hal_uart.o

.debug_abbrev   0x0000000000000000     0x270d
 .debug_abbrev  0x0000000000000000      0x21c ./Core/Src/blinkie.o
 .debug_abbrev  0x000000000000021c      0x1ac ./Core/Src/button.o
 .debug_abbrev  0x00000000000003c8      0x156 ./Core/Src/led.o
 .debug_abbrev  0x000000000000051e      0x2b2 ./Core/Src/main.o
 .debug_abbrev  0x00000000000007d0      0x1c3 ./Core/Src/stm32f1xx_hal_msp.o
 .debug_abbrev  0x0000000000000993       0x74 ./Core/Src/stm32f1xx_it.o
 .debug_abbrev  0x0000000000000a07      0x13b ./Core/Src/system_stm32f1xx.o
 .debug_abbrev  0x0000000000000b42      0x1e1 ./Core/Src/timer.o
 .debug_abbrev  0x0000000000000d23      0x203 ./Core/Src/uart.o
 .debug_abbrev  0x0000000000000f26       0x12 ./Core/Startup/startup_stm32f103c8tx.o
 .debug_abbrev  0x0000000000000f38      0x22f ./Core/thirdparty/console.o
 .debug_abbrev  0x0000000000001167      0x229 ./Core/thirdparty/consoleCommands.o
 .debug_abbrev  0x0000000000001390       0xfa ./Core/thirdparty/consoleIo.o
 .debug_abbrev  0x000000000000148a      0x1fb ./Drivers/STM32F1xx_HAL_Driver/Src/stm32f1xx_hal.o
 .debug_abbrev  0x0000000000001685      0x2ed ./Drivers/STM32F1xx_HAL_Driver/Src/stm32f1xx_hal_cortex.o
 .debug_abbrev  0x0000000000001972      0x1fe ./Drivers/STM32F1xx_HAL_Driver/Src/stm32f1xx_hal_dma.o
 .debug_abbrev  0x0000000000001b70      0x1bb ./Drivers/STM32F1xx_HAL_Driver/Src/stm32f1xx_hal_gpio.o
 .debug_abbrev  0x0000000000001d2b      0x2a8 ./Drivers/STM32F1xx_HAL_Driver/Src/stm32f1xx_hal_rcc.o
 .debug_abbrev  0x0000000000001fd3      0x25d ./Drivers/STM32F1xx_HAL_Driver/Src/stm32f1xx_hal_tim.o
 .debug_abbrev  0x0000000000002230      0x265 ./Drivers/STM32F1xx_HAL_Driver/Src/stm32f1xx_hal_tim_ex.o
 .debug_abbrev  0x0000000000002495      0x278 ./Drivers/STM32F1xx_HAL_Driver/Src/stm32f1xx_hal_uart.o

.debug_aranges  0x0000000000000000      0xe08
 .debug_aranges
                0x0000000000000000       0x40 ./Core/Src/blinkie.o
 .debug_aranges
                0x0000000000000040       0x28 ./Core/Src/button.o
 .debug_aranges
                0x0000000000000068       0x20 ./Core/Src/led.o
 .debug_aranges
                0x0000000000000088       0x48 ./Core/Src/main.o
 .debug_aranges
                0x00000000000000d0       0x40 ./Core/Src/stm32f1xx_hal_msp.o
 .debug_aranges
                0x0000000000000110       0x60 ./Core/Src/stm32f1xx_it.o
 .debug_aranges
                0x0000000000000170       0x28 ./Core/Src/system_stm32f1xx.o
 .debug_aranges
                0x0000000000000198       0x40 ./Core/Src/timer.o
 .debug_aranges
                0x00000000000001d8       0x50 ./Core/Src/uart.o
 .debug_aranges
                0x0000000000000228       0x28 ./Core/Startup/startup_stm32f103c8tx.o
 .debug_aranges
                0x0000000000000250       0xa8 ./Core/thirdparty/console.o
 .debug_aranges
                0x00000000000002f8       0x60 ./Core/thirdparty/consoleCommands.o
 .debug_aranges
                0x0000000000000358       0x30 ./Core/thirdparty/consoleIo.o
 .debug_aranges
                0x0000000000000388       0xe0 ./Drivers/STM32F1xx_HAL_Driver/Src/stm32f1xx_hal.o
 .debug_aranges
                0x0000000000000468      0x100 ./Drivers/STM32F1xx_HAL_Driver/Src/stm32f1xx_hal_cortex.o
 .debug_aranges
                0x0000000000000568       0x80 ./Drivers/STM32F1xx_HAL_Driver/Src/stm32f1xx_hal_dma.o
 .debug_aranges
                0x00000000000005e8       0x58 ./Drivers/STM32F1xx_HAL_Driver/Src/stm32f1xx_hal_gpio.o
 .debug_aranges
                0x0000000000000640       0x90 ./Drivers/STM32F1xx_HAL_Driver/Src/stm32f1xx_hal_rcc.o
 .debug_aranges
                0x00000000000006d0      0x3d0 ./Drivers/STM32F1xx_HAL_Driver/Src/stm32f1xx_hal_tim.o
 .debug_aranges
                0x0000000000000aa0      0x168 ./Drivers/STM32F1xx_HAL_Driver/Src/stm32f1xx_hal_tim_ex.o
 .debug_aranges
                0x0000000000000c08      0x200 ./Drivers/STM32F1xx_HAL_Driver/Src/stm32f1xx_hal_uart.o

.debug_ranges   0x0000000000000000      0xcf0
 .debug_ranges  0x0000000000000000       0x30 ./Core/Src/blinkie.o
 .debug_ranges  0x0000000000000030       0x18 ./Core/Src/button.o
 .debug_ranges  0x0000000000000048       0x10 ./Core/Src/led.o
 .debug_ranges  0x0000000000000058       0x38 ./Core/Src/main.o
 .debug_ranges  0x0000000000000090       0x30 ./Core/Src/stm32f1xx_hal_msp.o
 .debug_ranges  0x00000000000000c0       0x50 ./Core/Src/stm32f1xx_it.o
 .debug_ranges  0x0000000000000110       0x18 ./Core/Src/system_stm32f1xx.o
 .debug_ranges  0x0000000000000128       0x30 ./Core/Src/timer.o
 .debug_ranges  0x0000000000000158       0x40 ./Core/Src/uart.o
 .debug_ranges  0x0000000000000198       0x20 ./Core/Startup/startup_stm32f103c8tx.o
 .debug_ranges  0x00000000000001b8       0x98 ./Core/thirdparty/console.o
 .debug_ranges  0x0000000000000250       0x50 ./Core/thirdparty/consoleCommands.o
 .debug_ranges  0x00000000000002a0       0x20 ./Core/thirdparty/consoleIo.o
 .debug_ranges  0x00000000000002c0       0xd0 ./Drivers/STM32F1xx_HAL_Driver/Src/stm32f1xx_hal.o
 .debug_ranges  0x0000000000000390       0xf0 ./Drivers/STM32F1xx_HAL_Driver/Src/stm32f1xx_hal_cortex.o
 .debug_ranges  0x0000000000000480       0x70 ./Drivers/STM32F1xx_HAL_Driver/Src/stm32f1xx_hal_dma.o
 .debug_ranges  0x00000000000004f0       0x48 ./Drivers/STM32F1xx_HAL_Driver/Src/stm32f1xx_hal_gpio.o
 .debug_ranges  0x0000000000000538       0x80 ./Drivers/STM32F1xx_HAL_Driver/Src/stm32f1xx_hal_rcc.o
 .debug_ranges  0x00000000000005b8      0x3c0 ./Drivers/STM32F1xx_HAL_Driver/Src/stm32f1xx_hal_tim.o
 .debug_ranges  0x0000000000000978      0x158 ./Drivers/STM32F1xx_HAL_Driver/Src/stm32f1xx_hal_tim_ex.o
 .debug_ranges  0x0000000000000ad0      0x220 ./Drivers/STM32F1xx_HAL_Driver/Src/stm32f1xx_hal_uart.o

.debug_macro    0x0000000000000000    0x17fd9
 .debug_macro   0x0000000000000000      0x1d9 ./Core/Src/blinkie.o
 .debug_macro   0x00000000000001d9      0xa6c ./Core/Src/blinkie.o
 .debug_macro   0x0000000000000c45       0x22 ./Core/Src/blinkie.o
 .debug_macro   0x0000000000000c67      0x21b ./Core/Src/blinkie.o
 .debug_macro   0x0000000000000e82       0x2e ./Core/Src/blinkie.o
 .debug_macro   0x0000000000000eb0       0x22 ./Core/Src/blinkie.o
 .debug_macro   0x0000000000000ed2       0x22 ./Core/Src/blinkie.o
 .debug_macro   0x0000000000000ef4       0x8e ./Core/Src/blinkie.o
 .debug_macro   0x0000000000000f82       0x51 ./Core/Src/blinkie.o
 .debug_macro   0x0000000000000fd3      0x103 ./Core/Src/blinkie.o
 .debug_macro   0x00000000000010d6       0x6a ./Core/Src/blinkie.o
 .debug_macro   0x0000000000001140      0x1df ./Core/Src/blinkie.o
 .debug_macro   0x000000000000131f       0x1c ./Core/Src/blinkie.o
 .debug_macro   0x000000000000133b       0x22 ./Core/Src/blinkie.o
 .debug_macro   0x000000000000135d       0xbd ./Core/Src/blinkie.o
 .debug_macro   0x000000000000141a      0xd23 ./Core/Src/blinkie.o
 .debug_macro   0x000000000000213d     0xe09e ./Core/Src/blinkie.o
 .debug_macro   0x00000000000101db       0x6d ./Core/Src/blinkie.o
 .debug_macro   0x0000000000010248     0x3468 ./Core/Src/blinkie.o
 .debug_macro   0x00000000000136b0      0x174 ./Core/Src/blinkie.o
 .debug_macro   0x0000000000013824       0x5c ./Core/Src/blinkie.o
 .debug_macro   0x0000000000013880      0x5be ./Core/Src/blinkie.o
 .debug_macro   0x0000000000013e3e      0x289 ./Core/Src/blinkie.o
 .debug_macro   0x00000000000140c7      0x1cb ./Core/Src/blinkie.o
 .debug_macro   0x0000000000014292      0x114 ./Core/Src/blinkie.o
 .debug_macro   0x00000000000143a6      0x1b2 ./Core/Src/blinkie.o
 .debug_macro   0x0000000000014558       0x27 ./Core/Src/blinkie.o
 .debug_macro   0x000000000001457f      0x136 ./Core/Src/blinkie.o
 .debug_macro   0x00000000000146b5      0x1bc ./Core/Src/blinkie.o
 .debug_macro   0x0000000000014871       0x34 ./Core/Src/blinkie.o
 .debug_macro   0x00000000000148a5       0x3c ./Core/Src/blinkie.o
 .debug_macro   0x00000000000148e1       0x57 ./Core/Src/blinkie.o
 .debug_macro   0x0000000000014938       0x88 ./Core/Src/blinkie.o
 .debug_macro   0x00000000000149c0      0x241 ./Core/Src/blinkie.o
 .debug_macro   0x0000000000014c01      0x141 ./Core/Src/blinkie.o
 .debug_macro   0x0000000000014d42      0x8d1 ./Core/Src/blinkie.o
 .debug_macro   0x0000000000015613      0x279 ./Core/Src/blinkie.o
 .debug_macro   0x000000000001588c       0x83 ./Core/Src/blinkie.o
 .debug_macro   0x000000000001590f       0x1c ./Core/Src/blinkie.o
 .debug_macro   0x000000000001592b      0x1b6 ./Core/Src/button.o
 .debug_macro   0x0000000000015ae1      0x1bb ./Core/Src/led.o
 .debug_macro   0x0000000000015c9c       0x16 ./Core/Src/led.o
 .debug_macro   0x0000000000015cb2       0x2e ./Core/Src/led.o
 .debug_macro   0x0000000000015ce0      0x1f5 ./Core/Src/main.o
 .debug_macro   0x0000000000015ed5       0x28 ./Core/Src/main.o
 .debug_macro   0x0000000000015efd       0x22 ./Core/Src/main.o
 .debug_macro   0x0000000000015f1f      0x1b2 ./Core/Src/stm32f1xx_hal_msp.o
 .debug_macro   0x00000000000160d1      0x1bc ./Core/Src/stm32f1xx_it.o
 .debug_macro   0x000000000001628d      0x1a3 ./Core/Src/system_stm32f1xx.o
 .debug_macro   0x0000000000016430      0x1b6 ./Core/Src/timer.o
 .debug_macro   0x00000000000165e6      0x1bc ./Core/Src/uart.o
 .debug_macro   0x00000000000167a2      0x1c0 ./Core/thirdparty/console.o
 .debug_macro   0x0000000000016962       0x10 ./Core/thirdparty/console.o
 .debug_macro   0x0000000000016972       0x20 ./Core/thirdparty/console.o
 .debug_macro   0x0000000000016992       0x1c ./Core/thirdparty/console.o
 .debug_macro   0x00000000000169ae       0x28 ./Core/thirdparty/console.o
 .debug_macro   0x00000000000169d6      0x2a5 ./Core/thirdparty/consoleCommands.o
 .debug_macro   0x0000000000016c7b       0x22 ./Core/thirdparty/consoleCommands.o
 .debug_macro   0x0000000000016c9d       0x10 ./Core/thirdparty/consoleCommands.o
 .debug_macro   0x0000000000016cad       0x56 ./Core/thirdparty/consoleCommands.o
 .debug_macro   0x0000000000016d03      0x31f ./Core/thirdparty/consoleIo.o
 .debug_macro   0x0000000000017022       0x52 ./Core/thirdparty/consoleIo.o
 .debug_macro   0x0000000000017074       0x16 ./Core/thirdparty/consoleIo.o
 .debug_macro   0x000000000001708a       0x97 ./Core/thirdparty/consoleIo.o
 .debug_macro   0x0000000000017121       0xfd ./Core/thirdparty/consoleIo.o
 .debug_macro   0x000000000001721e      0x1c7 ./Drivers/STM32F1xx_HAL_Driver/Src/stm32f1xx_hal.o
 .debug_macro   0x00000000000173e5      0x1a3 ./Drivers/STM32F1xx_HAL_Driver/Src/stm32f1xx_hal_cortex.o
 .debug_macro   0x0000000000017588      0x1a3 ./Drivers/STM32F1xx_HAL_Driver/Src/stm32f1xx_hal_dma.o
 .debug_macro   0x000000000001772b      0x20e ./Drivers/STM32F1xx_HAL_Driver/Src/stm32f1xx_hal_gpio.o
 .debug_macro   0x0000000000017939      0x1b5 ./Drivers/STM32F1xx_HAL_Driver/Src/stm32f1xx_hal_rcc.o
 .debug_macro   0x0000000000017aee      0x1a4 ./Drivers/STM32F1xx_HAL_Driver/Src/stm32f1xx_hal_tim.o
 .debug_macro   0x0000000000017c92      0x1a3 ./Drivers/STM32F1xx_HAL_Driver/Src/stm32f1xx_hal_tim_ex.o
 .debug_macro   0x0000000000017e35      0x1a4 ./Drivers/STM32F1xx_HAL_Driver/Src/stm32f1xx_hal_uart.o

.debug_line     0x0000000000000000     0xfa94
 .debug_line    0x0000000000000000      0x72b ./Core/Src/blinkie.o
 .debug_line    0x000000000000072b      0x68f ./Core/Src/button.o
 .debug_line    0x0000000000000dba      0x675 ./Core/Src/led.o
 .debug_line    0x000000000000142f      0x854 ./Core/Src/main.o
 .debug_line    0x0000000000001c83      0x6f9 ./Core/Src/stm32f1xx_hal_msp.o
 .debug_line    0x000000000000237c      0x730 ./Core/Src/stm32f1xx_it.o
 .debug_line    0x0000000000002aac      0x6ec ./Core/Src/system_stm32f1xx.o
 .debug_line    0x0000000000003198      0x6e0 ./Core/Src/timer.o
 .debug_line    0x0000000000003878      0x72a ./Core/Src/uart.o
 .debug_line    0x0000000000003fa2       0x87 ./Core/Startup/startup_stm32f103c8tx.o
 .debug_line    0x0000000000004029      0xa60 ./Core/thirdparty/console.o
 .debug_line    0x0000000000004a89      0x9e5 ./Core/thirdparty/consoleCommands.o
 .debug_line    0x000000000000546e      0x8c0 ./Core/thirdparty/consoleIo.o
 .debug_line    0x0000000000005d2e      0x919 ./Drivers/STM32F1xx_HAL_Driver/Src/stm32f1xx_hal.o
 .debug_line    0x0000000000006647      0xb01 ./Drivers/STM32F1xx_HAL_Driver/Src/stm32f1xx_hal_cortex.o
 .debug_line    0x0000000000007148      0xd71 ./Drivers/STM32F1xx_HAL_Driver/Src/stm32f1xx_hal_dma.o
 .debug_line    0x0000000000007eb9      0x9b0 ./Drivers/STM32F1xx_HAL_Driver/Src/stm32f1xx_hal_gpio.o
 .debug_line    0x0000000000008869      0xd27 ./Drivers/STM32F1xx_HAL_Driver/Src/stm32f1xx_hal_rcc.o
 .debug_line    0x0000000000009590     0x32cf ./Drivers/STM32F1xx_HAL_Driver/Src/stm32f1xx_hal_tim.o
 .debug_line    0x000000000000c85f     0x1841 ./Drivers/STM32F1xx_HAL_Driver/Src/stm32f1xx_hal_tim_ex.o
 .debug_line    0x000000000000e0a0     0x19f4 ./Drivers/STM32F1xx_HAL_Driver/Src/stm32f1xx_hal_uart.o

.debug_str      0x0000000000000000    0x8acd9
 .debug_str     0x0000000000000000    0x8356b ./Core/Src/blinkie.o
                                      0x83957 (size before relaxing)
 .debug_str     0x000000000008356b      0x35d ./Core/Src/button.o
                                      0x836c4 (size before relaxing)
 .debug_str     0x00000000000838c8       0xc1 ./Core/Src/led.o
                                      0x8342c (size before relaxing)
 .debug_str     0x0000000000083989      0x55c ./Core/Src/main.o
                                      0x83f0b (size before relaxing)
 .debug_str     0x0000000000083ee5       0xca ./Core/Src/stm32f1xx_hal_msp.o
                                      0x83a98 (size before relaxing)
 .debug_str     0x0000000000083faf       0xc9 ./Core/Src/stm32f1xx_it.o
                                      0x8333d (size before relaxing)
 .debug_str     0x0000000000084078       0x7e ./Core/Src/system_stm32f1xx.o
                                      0x832be (size before relaxing)
 .debug_str     0x00000000000840f6       0x65 ./Core/Src/timer.o
                                      0x83b29 (size before relaxing)
 .debug_str     0x000000000008415b       0xcd ./Core/Src/uart.o
                                      0x83ae1 (size before relaxing)
 .debug_str     0x0000000000084228       0x36 ./Core/Startup/startup_stm32f103c8tx.o
                                         0x6d (size before relaxing)
 .debug_str     0x000000000008425e     0x3466 ./Core/thirdparty/console.o
                                       0x747f (size before relaxing)
 .debug_str     0x00000000000876c4      0x1b9 ./Core/thirdparty/consoleCommands.o
                                      0x8663a (size before relaxing)
 .debug_str     0x000000000008787d      0xfdc ./Core/thirdparty/consoleIo.o
                                      0x87066 (size before relaxing)
 .debug_str     0x0000000000088859      0x38e ./Drivers/STM32F1xx_HAL_Driver/Src/stm32f1xx_hal.o
                                      0x839f1 (size before relaxing)
 .debug_str     0x0000000000088be7      0x244 ./Drivers/STM32F1xx_HAL_Driver/Src/stm32f1xx_hal_cortex.o
                                      0x8393d (size before relaxing)
 .debug_str     0x0000000000088e2b      0x235 ./Drivers/STM32F1xx_HAL_Driver/Src/stm32f1xx_hal_dma.o
                                      0x83667 (size before relaxing)
 .debug_str     0x0000000000089060      0x295 ./Drivers/STM32F1xx_HAL_Driver/Src/stm32f1xx_hal_gpio.o
                                      0x83644 (size before relaxing)
 .debug_str     0x00000000000892f5      0x229 ./Drivers/STM32F1xx_HAL_Driver/Src/stm32f1xx_hal_rcc.o
                                      0x836ed (size before relaxing)
 .debug_str     0x000000000008951e      0xd9b ./Drivers/STM32F1xx_HAL_Driver/Src/stm32f1xx_hal_tim.o
                                      0x846d8 (size before relaxing)
 .debug_str     0x000000000008a2b9      0x493 ./Drivers/STM32F1xx_HAL_Driver/Src/stm32f1xx_hal_tim_ex.o
                                      0x83ef4 (size before relaxing)
 .debug_str     0x000000000008a74c      0x58d ./Drivers/STM32F1xx_HAL_Driver/Src/stm32f1xx_hal_uart.o
                                      0x83cf8 (size before relaxing)

.comment        0x0000000000000000       0x50
 .comment       0x0000000000000000       0x50 ./Core/Src/blinkie.o
                                         0x51 (size before relaxing)
 .comment       0x0000000000000050       0x51 ./Core/Src/button.o
 .comment       0x0000000000000050       0x51 ./Core/Src/led.o
 .comment       0x0000000000000050       0x51 ./Core/Src/main.o
 .comment       0x0000000000000050       0x51 ./Core/Src/stm32f1xx_hal_msp.o
 .comment       0x0000000000000050       0x51 ./Core/Src/stm32f1xx_it.o
 .comment       0x0000000000000050       0x51 ./Core/Src/system_stm32f1xx.o
 .comment       0x0000000000000050       0x51 ./Core/Src/timer.o
 .comment       0x0000000000000050       0x51 ./Core/Src/uart.o
 .comment       0x0000000000000050       0x51 ./Core/thirdparty/console.o
 .comment       0x0000000000000050       0x51 ./Core/thirdparty/consoleCommands.o
 .comment       0x0000000000000050       0x51 ./Core/thirdparty/consoleIo.o
 .comment       0x0000000000000050       0x51 ./Drivers/STM32F1xx_HAL_Driver/Src/stm32f1xx_hal.o
 .comment       0x0000000000000050       0x51 ./Drivers/STM32F1xx_HAL_Driver/Src/stm32f1xx_hal_cortex.o
 .comment       0x0000000000000050       0x51 ./Drivers/STM32F1xx_HAL_Driver/Src/stm32f1xx_hal_dma.o
 .comment       0x0000000000000050       0x51 ./Drivers/STM32F1xx_HAL_Driver/Src/stm32f1xx_hal_gpio.o
 .comment       0x0000000000000050       0x51 ./Drivers/STM32F1xx_HAL_Driver/Src/stm32f1xx_hal_rcc.o
 .comment       0x0000000000000050       0x51 ./Drivers/STM32F1xx_HAL_Driver/Src/stm32f1xx_hal_tim.o
 .comment       0x0000000000000050       0x51 ./Drivers/STM32F1xx_HAL_Driver/Src/stm32f1xx_hal_tim_ex.o
 .comment       0x0000000000000050       0x51 ./Drivers/STM32F1xx_HAL_Driver/Src/stm32f1xx_hal_uart.o

.debug_frame    0x0000000000000000     0x3930
 .debug_frame   0x0000000000000000       0xb0 ./Core/Src/blinkie.o
 .debug_frame   0x00000000000000b0       0x50 ./Core/Src/button.o
 .debug_frame   0x0000000000000100       0x34 ./Core/Src/led.o
 .debug_frame   0x0000000000000134       0xcc ./Core/Src/main.o
 .debug_frame   0x0000000000000200       0xd0 ./Core/Src/stm32f1xx_hal_msp.o
 .debug_frame   0x00000000000002d0      0x104 ./Core/Src/stm32f1xx_it.o
 .debug_frame   0x00000000000003d4       0x58 ./Core/Src/system_stm32f1xx.o
 .debug_frame   0x000000000000042c       0xb0 ./Core/Src/timer.o
 .debug_frame   0x00000000000004dc       0xf4 ./Core/Src/uart.o
 .debug_frame   0x00000000000005d0      0x2b4 ./Core/thirdparty/console.o
 .debug_frame   0x0000000000000884      0x144 ./Core/thirdparty/consoleCommands.o
 .debug_frame   0x00000000000009c8       0x78 ./Core/thirdparty/consoleIo.o
 .debug_frame   0x0000000000000a40      0x334 ./Drivers/STM32F1xx_HAL_Driver/Src/stm32f1xx_hal.o
 .debug_frame   0x0000000000000d74      0x428 ./Drivers/STM32F1xx_HAL_Driver/Src/stm32f1xx_hal_cortex.o
 .debug_frame   0x000000000000119c      0x208 ./Drivers/STM32F1xx_HAL_Driver/Src/stm32f1xx_hal_dma.o
 .debug_frame   0x00000000000013a4      0x14c ./Drivers/STM32F1xx_HAL_Driver/Src/stm32f1xx_hal_gpio.o
 .debug_frame   0x00000000000014f0      0x21c ./Drivers/STM32F1xx_HAL_Driver/Src/stm32f1xx_hal_rcc.o
 .debug_frame   0x000000000000170c     0x11b8 ./Drivers/STM32F1xx_HAL_Driver/Src/stm32f1xx_hal_tim.o
 .debug_frame   0x00000000000028c4      0x638 ./Drivers/STM32F1xx_HAL_Driver/Src/stm32f1xx_hal_tim_ex.o
 .debug_frame   0x0000000000002efc      0x914 ./Drivers/STM32F1xx_HAL_Driver/Src/stm32f1xx_hal_uart.o
 .debug_frame   0x0000000000003810       0x30 c:/st/stm32cubeide_1.9.0/stm32cubeide/plugins/com.st.stm32cube.ide.mcu.externaltools.gnu-tools-for-stm32.10.3-2021.10.win32_1.0.0.202111181127/tools/bin/../lib/gcc/arm-none-eabi/10.3.1/../../../../arm-none-eabi/lib/thumb/v7-m/nofp\libc_nano.a(lib_a-atoi.o)
 .debug_frame   0x0000000000003840       0x20 c:/st/stm32cubeide_1.9.0/stm32cubeide/plugins/com.st.stm32cube.ide.mcu.externaltools.gnu-tools-for-stm32.10.3-2021.10.win32_1.0.0.202111181127/tools/bin/../lib/gcc/arm-none-eabi/10.3.1/../../../../arm-none-eabi/lib/thumb/v7-m/nofp\libc_nano.a(lib_a-errno.o)
 .debug_frame   0x0000000000003860       0x2c c:/st/stm32cubeide_1.9.0/stm32cubeide/plugins/com.st.stm32cube.ide.mcu.externaltools.gnu-tools-for-stm32.10.3-2021.10.win32_1.0.0.202111181127/tools/bin/../lib/gcc/arm-none-eabi/10.3.1/../../../../arm-none-eabi/lib/thumb/v7-m/nofp\libc_nano.a(lib_a-init.o)
 .debug_frame   0x000000000000388c       0x20 c:/st/stm32cubeide_1.9.0/stm32cubeide/plugins/com.st.stm32cube.ide.mcu.externaltools.gnu-tools-for-stm32.10.3-2021.10.win32_1.0.0.202111181127/tools/bin/../lib/gcc/arm-none-eabi/10.3.1/../../../../arm-none-eabi/lib/thumb/v7-m/nofp\libc_nano.a(lib_a-memset.o)
 .debug_frame   0x00000000000038ac       0x20 c:/st/stm32cubeide_1.9.0/stm32cubeide/plugins/com.st.stm32cube.ide.mcu.externaltools.gnu-tools-for-stm32.10.3-2021.10.win32_1.0.0.202111181127/tools/bin/../lib/gcc/arm-none-eabi/10.3.1/../../../../arm-none-eabi/lib/thumb/v7-m/nofp\libc_nano.a(lib_a-strcmp.o)
 .debug_frame   0x00000000000038cc       0x64 c:/st/stm32cubeide_1.9.0/stm32cubeide/plugins/com.st.stm32cube.ide.mcu.externaltools.gnu-tools-for-stm32.10.3-2021.10.win32_1.0.0.202111181127/tools/bin/../lib/gcc/arm-none-eabi/10.3.1/../../../../arm-none-eabi/lib/thumb/v7-m/nofp\libc_nano.a(lib_a-strtol.o)
